
> frontend@0.1.0 build
> next build

Γû▓ Next.js 16.1.6 (Turbopack)

  Creating an optimized production build ...
Γ£ô Compiled successfully in 6.0s
  Running TypeScript ...
node.exe : Failed to compile.
At line:1 char:1
+ & "C:\Program Files\nodejs/node.exe" "C:\Program 
Files\nodejs/node_mo ...
+ ~~~~~~~~~~~~~~~~~~~~~~~~~~~~~~~~~~~~~~~~~~~~~~~~~~~~~~~~~~~~~~~~~~
~~~
    + CategoryInfo          : NotSpecified: (Failed to compile.:Str 
   ing) [], RemoteException
    + FullyQualifiedErrorId : NativeCommandError
 

./src/app/creator/posts/components/CreatePostModal.tsx:14:22
Type error: Argument of type 'unknown' is not assignable to 
parameter of type 'SetStateAction<never[]>'.

[0m [90m 12 |[39m
 [90m 13 |[39m             [36mconst[39m { data } [33m=[39m 
[36mawait[39m 
api[33m.[39m[36mget[39m([32m'/posts/creator'[39m)[33m;[39m
[31m[1m>[22m[39m[90m 14 |[39m             
setPosts(data)[33m;[39m
 [90m    |[39m                      [31m[1m^[22m[39m
 [90m 15 |[39m
 [90m 16 |[39m         } [36mcatch[39m (error) {
 [90m 17 |[39m             
console[33m.[39merror(error)[33m;[39m[0m
Next.js build worker exited with code: 1 and signal: null
